6131950 5 24
524152 100 N
612031 100 N
665871 100 N
900075 100 N
991620 100 N
1610351 100 N
2069661 100 N
2270497 100 N
2605493 100 N
2631908 100 N
3032142 100 N
3213038 100 N
3572944 100 N
3905882 100 N
4283370 100 N
4357304 100 N
4376252 100 N
4545510 100 N
4599609 100 N
4723843 100 N
4832614 100 N
5052926 100 N
5260605 100 N
5648212 100 N
